                                      1 ;--------------------------------------------------------
                                      2 ; File Created by SDCC : free open source ISO C Compiler 
                                      3 ; Version 4.4.0 #14620 (Linux)
                                      4 ;--------------------------------------------------------
                                      5 	.module main
                                      6 	.optsdcc -mstm8
                                      7 	
                                      8 ;--------------------------------------------------------
                                      9 ; Public variables in this module
                                     10 ;--------------------------------------------------------
                                     11 	.globl _main
                                     12 	.globl _milis
                                     13 	.globl _init_milis
                                     14 	.globl _TIM3_ITConfig
                                     15 	.globl _TIM3_Cmd
                                     16 	.globl _TIM3_TimeBaseInit
                                     17 	.globl _GPIO_ReadInputPin
                                     18 	.globl _GPIO_Init
                                     19 	.globl _CLK_HSIPrescalerConfig
                                     20 	.globl _init
                                     21 ;--------------------------------------------------------
                                     22 ; ram data
                                     23 ;--------------------------------------------------------
                                     24 	.area DATA
                                     25 ;--------------------------------------------------------
                                     26 ; ram data
                                     27 ;--------------------------------------------------------
                                     28 	.area INITIALIZED
                                     29 ;--------------------------------------------------------
                                     30 ; Stack segment in internal ram
                                     31 ;--------------------------------------------------------
                                     32 	.area SSEG
      000000                         33 __start__stack:
      000000                         34 	.ds	1
                                     35 
                                     36 ;--------------------------------------------------------
                                     37 ; absolute external ram data
                                     38 ;--------------------------------------------------------
                                     39 	.area DABS (ABS)
                                     40 
                                     41 ; default segment ordering for linker
                                     42 	.area HOME
                                     43 	.area GSINIT
                                     44 	.area GSFINAL
                                     45 	.area CONST
                                     46 	.area INITIALIZER
                                     47 	.area CODE
                                     48 
                                     49 ;--------------------------------------------------------
                                     50 ; interrupt vector
                                     51 ;--------------------------------------------------------
                                     52 	.area HOME
      000000                         53 __interrupt_vect:
      000000 82v00u00u00             54 	int s_GSINIT ; reset
      000004 82v00u00u00             55 	int _TRAP_IRQHandler ; trap
      000008 82v00u00u00             56 	int _TLI_IRQHandler ; int0
      00000C 82v00u00u00             57 	int _AWU_IRQHandler ; int1
      000010 82v00u00u00             58 	int _CLK_IRQHandler ; int2
      000014 82v00u00u00             59 	int _EXTI_PORTA_IRQHandler ; int3
      000018 82v00u00u00             60 	int _EXTI_PORTB_IRQHandler ; int4
      00001C 82v00u00u00             61 	int _EXTI_PORTC_IRQHandler ; int5
      000020 82v00u00u00             62 	int _EXTI_PORTD_IRQHandler ; int6
      000024 82v00u00u00             63 	int _EXTI_PORTE_IRQHandler ; int7
      000028 82v00u00u00             64 	int _CAN_RX_IRQHandler ; int8
      00002C 82v00u00u00             65 	int _CAN_TX_IRQHandler ; int9
      000030 82v00u00u00             66 	int _SPI_IRQHandler ; int10
      000034 82v00u00u00             67 	int _TIM1_UPD_OVF_TRG_BRK_IRQHandler ; int11
      000038 82v00u00u00             68 	int _TIM1_CAP_COM_IRQHandler ; int12
      00003C 82v00u00u00             69 	int _TIM2_UPD_OVF_BRK_IRQHandler ; int13
      000040 82v00u00u00             70 	int _TIM2_CAP_COM_IRQHandler ; int14
      000044 82v00u00u00             71 	int _TIM3_UPD_OVF_BRK_IRQHandler ; int15
      000048 82v00u00u00             72 	int _TIM3_CAP_COM_IRQHandler ; int16
      00004C 82v00u00u00             73 	int _UART1_TX_IRQHandler ; int17
      000050 82v00u00u00             74 	int _UART1_RX_IRQHandler ; int18
      000054 82v00u00u00             75 	int _I2C_IRQHandler ; int19
      000058 82v00u00u00             76 	int _UART3_TX_IRQHandler ; int20
      00005C 82v00u00u00             77 	int _UART3_RX_IRQHandler ; int21
      000060 82v00u00u00             78 	int _ADC2_IRQHandler ; int22
      000064 82v00u00u00             79 	int _TIM4_UPD_OVF_IRQHandler ; int23
      000068 82v00u00u00             80 	int _EEPROM_EEC_IRQHandler ; int24
                                     81 ;--------------------------------------------------------
                                     82 ; global & static initialisations
                                     83 ;--------------------------------------------------------
                                     84 	.area HOME
                                     85 	.area GSINIT
                                     86 	.area GSFINAL
                                     87 	.area GSINIT
      000000 CDr00r00         [ 4]   88 	call	___sdcc_external_startup
      000003 4D               [ 1]   89 	tnz	a
      000004 27 03            [ 1]   90 	jreq	__sdcc_init_data
      000006 CCr00r6C         [ 2]   91 	jp	__sdcc_program_startup
      000009                         92 __sdcc_init_data:
                                     93 ; stm8_genXINIT() start
      000009 AEr00r00         [ 2]   94 	ldw x, #l_DATA
      00000C 27 07            [ 1]   95 	jreq	00002$
      00000E                         96 00001$:
      00000E 72 4FuFFuFF      [ 1]   97 	clr (s_DATA - 1, x)
      000012 5A               [ 2]   98 	decw x
      000013 26 F9            [ 1]   99 	jrne	00001$
      000015                        100 00002$:
      000015 AEr00r00         [ 2]  101 	ldw	x, #l_INITIALIZER
      000018 27 09            [ 1]  102 	jreq	00004$
      00001A                        103 00003$:
      00001A D6uFFuFF         [ 1]  104 	ld	a, (s_INITIALIZER - 1, x)
      00001D D7uFFuFF         [ 1]  105 	ld	(s_INITIALIZED - 1, x), a
      000020 5A               [ 2]  106 	decw	x
      000021 26 F7            [ 1]  107 	jrne	00003$
      000023                        108 00004$:
                                    109 ; stm8_genXINIT() end
                                    110 	.area GSFINAL
      000000 CCr00r6C         [ 2]  111 	jp	__sdcc_program_startup
                                    112 ;--------------------------------------------------------
                                    113 ; Home
                                    114 ;--------------------------------------------------------
                                    115 	.area HOME
                                    116 	.area HOME
      00006C                        117 __sdcc_program_startup:
      00006C CCr00r45         [ 2]  118 	jp	_main
                                    119 ;	return from main will return to caller
                                    120 ;--------------------------------------------------------
                                    121 ; code
                                    122 ;--------------------------------------------------------
                                    123 	.area CODE
                                    124 ;	./src/main.c: 38: void init(void)
                                    125 ; genLabel
                                    126 ;	-----------------------------------------
                                    127 ;	 function init
                                    128 ;	-----------------------------------------
                                    129 ;	Register assignment is optimal.
                                    130 ;	Stack space usage: 0 bytes.
      000000                        131 _init:
                                    132 ;	./src/main.c: 40: CLK_HSIPrescalerConfig(CLK_PRESCALER_HSIDIV1); // taktovani MCU na 16MHz
                                    133 ; genSend
      000000 4F               [ 1]  134 	clr	a
                                    135 ; genCall
      000001 CDr00r00         [ 4]  136 	call	_CLK_HSIPrescalerConfig
                                    137 ;	./src/main.c: 41: init_milis();
                                    138 ; genCall
      000004 CDr00r00         [ 4]  139 	call	_init_milis
                                    140 ;	./src/main.c: 44: GPIO_Init(SB_LED5_PORT, SB_LED5_PIN, GPIO_MODE_OUT_PP_LOW_SLOW);
                                    141 ; genIPush
      000007 4B C0            [ 1]  142 	push	#0xc0
                                    143 ; genSend
      000009 A6 08            [ 1]  144 	ld	a, #0x08
                                    145 ; genSend
      00000B AE 50 05         [ 2]  146 	ldw	x, #0x5005
                                    147 ; genCall
      00000E CDr00r00         [ 4]  148 	call	_GPIO_Init
                                    149 ;	./src/main.c: 45: GPIO_Init(SB_LED4_PORT, SB_LED4_PIN, GPIO_MODE_OUT_PP_LOW_SLOW);
                                    150 ; genIPush
      000011 4B C0            [ 1]  151 	push	#0xc0
                                    152 ; genSend
      000013 A6 10            [ 1]  153 	ld	a, #0x10
                                    154 ; genSend
      000015 AE 50 05         [ 2]  155 	ldw	x, #0x5005
                                    156 ; genCall
      000018 CDr00r00         [ 4]  157 	call	_GPIO_Init
                                    158 ;	./src/main.c: 46: GPIO_Init(SB_LED3_PORT, SB_LED3_PIN, GPIO_MODE_OUT_PP_LOW_SLOW);
                                    159 ; genIPush
      00001B 4B C0            [ 1]  160 	push	#0xc0
                                    161 ; genSend
      00001D A6 20            [ 1]  162 	ld	a, #0x20
                                    163 ; genSend
      00001F AE 50 05         [ 2]  164 	ldw	x, #0x5005
                                    165 ; genCall
      000022 CDr00r00         [ 4]  166 	call	_GPIO_Init
                                    167 ;	./src/main.c: 48: GPIO_Init(SB_S3_PORT, SB_S3_PIN, GPIO_MODE_IN_PU_NO_IT);
                                    168 ; genIPush
      000025 4B 40            [ 1]  169 	push	#0x40
                                    170 ; genSend
      000027 A6 02            [ 1]  171 	ld	a, #0x02
                                    172 ; genSend
      000029 AE 50 0A         [ 2]  173 	ldw	x, #0x500a
                                    174 ; genCall
      00002C CDr00r00         [ 4]  175 	call	_GPIO_Init
                                    176 ;	./src/main.c: 50: TIM3_TimeBaseInit(TIM3_PRESCALER_128, 50000 - 1);
                                    177 ; genSend
      00002F AE C3 4F         [ 2]  178 	ldw	x, #0xc34f
                                    179 ; genSend
      000032 A6 07            [ 1]  180 	ld	a, #0x07
                                    181 ; genCall
      000034 CDr00r00         [ 4]  182 	call	_TIM3_TimeBaseInit
                                    183 ;	./src/main.c: 51: TIM3_Cmd(ENABLE);
                                    184 ; genSend
      000037 A6 01            [ 1]  185 	ld	a, #0x01
                                    186 ; genCall
      000039 CDr00r00         [ 4]  187 	call	_TIM3_Cmd
                                    188 ;	./src/main.c: 52: TIM3_ITConfig(TIM3_IT_UPDATE, ENABLE);
                                    189 ; genIPush
      00003C 4B 01            [ 1]  190 	push	#0x01
                                    191 ; genSend
      00003E A6 01            [ 1]  192 	ld	a, #0x01
                                    193 ; genCall
      000040 CDr00r00         [ 4]  194 	call	_TIM3_ITConfig
                                    195 ;	./src/main.c: 53: enableInterrupts();
                                    196 ;	genInline
      000043 9A               [ 1]  197 	rim
                                    198 ; genLabel
      000044                        199 00101$:
                                    200 ;	./src/main.c: 54: }
                                    201 ; genEndFunction
      000044 81               [ 4]  202 	ret
                                    203 ;	./src/main.c: 57: int main(void)
                                    204 ; genLabel
                                    205 ;	-----------------------------------------
                                    206 ;	 function main
                                    207 ;	-----------------------------------------
                                    208 ;	Register assignment might be sub-optimal.
                                    209 ;	Stack space usage: 13 bytes.
      000045                        210 _main:
      000045 52 0D            [ 2]  211 	sub	sp, #13
                                    212 ;	./src/main.c: 60: uint32_t time = 0;
                                    213 ; genAssign
      000047 5F               [ 1]  214 	clrw	x
      000048 1F 03            [ 2]  215 	ldw	(0x03, sp), x
      00004A 1F 01            [ 2]  216 	ldw	(0x01, sp), x
                                    217 ;	./src/main.c: 61: uint8_t btn_press = 0;
                                    218 ; genAssign
      00004C 0F 05            [ 1]  219 	clr	(0x05, sp)
                                    220 ;	./src/main.c: 63: init();
                                    221 ; genCall
      00004E CDr00r00         [ 4]  222 	call	_init
                                    223 ;	./src/main.c: 65: while (1) {
                                    224 ; genLabel
      000051                        225 00109$:
                                    226 ;	./src/main.c: 66: if (milis() - time > 33) {
                                    227 ; genCall
      000051 CDr00r00         [ 4]  228 	call	_milis
      000054 1F 08            [ 2]  229 	ldw	(0x08, sp), x
      000056 17 06            [ 2]  230 	ldw	(0x06, sp), y
                                    231 ; genMinus
      000058 1E 08            [ 2]  232 	ldw	x, (0x08, sp)
      00005A 72 F0 03         [ 2]  233 	subw	x, (0x03, sp)
      00005D 1F 0C            [ 2]  234 	ldw	(0x0c, sp), x
      00005F 7B 07            [ 1]  235 	ld	a, (0x07, sp)
      000061 12 02            [ 1]  236 	sbc	a, (0x02, sp)
      000063 6B 0B            [ 1]  237 	ld	(0x0b, sp), a
      000065 7B 06            [ 1]  238 	ld	a, (0x06, sp)
      000067 12 01            [ 1]  239 	sbc	a, (0x01, sp)
      000069 6B 0A            [ 1]  240 	ld	(0x0a, sp), a
                                    241 ; genCmp
                                    242 ; genCmpTnz
      00006B AE 00 21         [ 2]  243 	ldw	x, #0x0021
      00006E 13 0C            [ 2]  244 	cpw	x, (0x0c, sp)
      000070 4F               [ 1]  245 	clr	a
      000071 12 0B            [ 1]  246 	sbc	a, (0x0b, sp)
      000073 4F               [ 1]  247 	clr	a
      000074 12 0A            [ 1]  248 	sbc	a, (0x0a, sp)
      000076 25 03            [ 1]  249 	jrc	00148$
      000078 CCr00r51         [ 2]  250 	jp	00109$
      00007B                        251 00148$:
                                    252 ; skipping generated iCode
                                    253 ;	./src/main.c: 67: time = milis();
                                    254 ; genCall
      00007B CDr00r00         [ 4]  255 	call	_milis
                                    256 ;	./src/main.c: 69: if (PUSH(SB_S3) && !btn_press) {
                                    257 ; genSend
      00007E A6 02            [ 1]  258 	ld	a, #0x02
                                    259 ; genSend
      000080 AE 50 0A         [ 2]  260 	ldw	x, #0x500a
                                    261 ; genCall
      000083 CDr00r00         [ 4]  262 	call	_GPIO_ReadInputPin
                                    263 ; genIfx
      000086 4D               [ 1]  264 	tnz	a
      000087 27 03            [ 1]  265 	jreq	00149$
      000089 CCr00r9A         [ 2]  266 	jp	00102$
      00008C                        267 00149$:
                                    268 ; genIfx
      00008C 0D 05            [ 1]  269 	tnz	(0x05, sp)
      00008E 27 03            [ 1]  270 	jreq	00150$
      000090 CCr00r9A         [ 2]  271 	jp	00102$
      000093                        272 00150$:
                                    273 ;	./src/main.c: 70: led_pointer += 1;
                                    274 ; genCast
                                    275 ; genAssign
      000093 C6u00u00         [ 1]  276 	ld	a, _led_pointer+0
                                    277 ; genPlus
      000096 4C               [ 1]  278 	inc	a
      000097 C7u00u00         [ 1]  279 	ld	_led_pointer+0, a
                                    280 ; genLabel
      00009A                        281 00102$:
                                    282 ;	./src/main.c: 72: if (led_pointer > 2) {
                                    283 ; genCmp
                                    284 ; genCmpTnz
      00009A C6u00u00         [ 1]  285 	ld	a, _led_pointer+0
      00009D A1 02            [ 1]  286 	cp	a, #0x02
      00009F 22 03            [ 1]  287 	jrugt	00151$
      0000A1 CCr00rA8         [ 2]  288 	jp	00105$
      0000A4                        289 00151$:
                                    290 ; skipping generated iCode
                                    291 ;	./src/main.c: 73: led_pointer = 0;
                                    292 ; genAssign
      0000A4 72 5Fu00u00      [ 1]  293 	clr	_led_pointer+0
                                    294 ; genLabel
      0000A8                        295 00105$:
                                    296 ;	./src/main.c: 75: btn_press = PUSH(SB_S3);
                                    297 ; genSend
      0000A8 A6 02            [ 1]  298 	ld	a, #0x02
                                    299 ; genSend
      0000AA AE 50 0A         [ 2]  300 	ldw	x, #0x500a
                                    301 ; genCall
      0000AD CDr00r00         [ 4]  302 	call	_GPIO_ReadInputPin
                                    303 ; genCmpEQorNE
      0000B0 A1 00            [ 1]  304 	cp	a, #0x00
      0000B2 26 07            [ 1]  305 	jrne	00153$
      0000B4 A6 01            [ 1]  306 	ld	a, #0x01
      0000B6 6B 05            [ 1]  307 	ld	(0x05, sp), a
      0000B8 CCr00rBD         [ 2]  308 	jp	00154$
      0000BB                        309 00153$:
      0000BB 0F 05            [ 1]  310 	clr	(0x05, sp)
      0000BD                        311 00154$:
                                    312 ;	./src/main.c: 76: time = milis();
                                    313 ; genCall
      0000BD CDr00r00         [ 4]  314 	call	_milis
      0000C0 1F 03            [ 2]  315 	ldw	(0x03, sp), x
      0000C2 17 01            [ 2]  316 	ldw	(0x01, sp), y
                                    317 ; genGoto
      0000C4 CCr00r51         [ 2]  318 	jp	00109$
                                    319 ; genLabel
      0000C7                        320 00111$:
                                    321 ;	./src/main.c: 79: }
                                    322 ; genEndFunction
      0000C7 5B 0D            [ 2]  323 	addw	sp, #13
      0000C9 81               [ 4]  324 	ret
                                    325 	.area CODE
                                    326 	.area CONST
                                    327 	.area INITIALIZER
                                    328 	.area CABS (ABS)
