ASxxxx Linker V03.00/V05.40 + sdld,  page 1.
Hexadecimal  [32-Bits]

Area                                    Addr        Size        Decimal Bytes (Attributes)
--------------------------------        ----        ----        ------- ----- ------------
.  .ABS.                            00000000    00000000 =           0. bytes (ABS,CON)

      Value  Global                              Global Defined In Module
      -----  --------------------------------   ------------------------
     00000000  .__.ABS.                           stm8s_tim4_TIM4_ClearFlag
     00000000  l_CABS                          
     00000000  l_CONST                         
     00000000  l_DABS                          
     00000000  l_DATA                          
     00000000  l__CODE                         
     00000000  s_CABS                          
     00000000  s_DABS                          
     00000000  s__CODE                         
     00000001  l_SSEG                          
     00000001  s_DATA                          
     00000001  s_INITIALIZED                   
     00000003  l_GSFINAL                       
     00000005  l_INITIALIZED                   
     00000005  l_INITIALIZER                   
     00000023  l_GSINIT                        
     0000006F  l_HOME                          
     0000059B  l_CODE                          
     00008000  s_HOME                          
     0000806F  s_GSINIT                        
     00008092  s_GSFINAL                       
     00008095  s_CONST                         
     00008095  s_INITIALIZER                   
     0000809A  s_CODE                          
     00008635  s_SSEG                          

ASxxxx Linker V03.00/V05.40 + sdld,  page 2.
Hexadecimal  [32-Bits]

Area                                    Addr        Size        Decimal Bytes (Attributes)
--------------------------------        ----        ----        ------- ----- ------------
INITIALIZED                         00000001    00000005 =           5. bytes (REL,CON)

      Value  Global                              Global Defined In Module
      -----  --------------------------------   ------------------------
     00000001  _miliseconds                       milis
     00000005  _led_pointer                       stm8s_it

ASxxxx Linker V03.00/V05.40 + sdld,  page 3.
Hexadecimal  [32-Bits]

Area                                    Addr        Size        Decimal Bytes (Attributes)
--------------------------------        ----        ----        ------- ----- ------------
HOME                                00008000    0000006F =         111. bytes (REL,CON)

      Value  Global                              Global Defined In Module
      -----  --------------------------------   ------------------------
ASxxxx Linker V03.00/V05.40 + sdld,  page 4.
Hexadecimal  [32-Bits]

Area                                    Addr        Size        Decimal Bytes (Attributes)
--------------------------------        ----        ----        ------- ----- ------------
GSINIT                              0000806F    00000023 =          35. bytes (REL,CON)

      Value  Global                              Global Defined In Module
      -----  --------------------------------   ------------------------
ASxxxx Linker V03.00/V05.40 + sdld,  page 5.
Hexadecimal  [32-Bits]

Area                                    Addr        Size        Decimal Bytes (Attributes)
--------------------------------        ----        ----        ------- ----- ------------
GSFINAL                             00008092    00000003 =           3. bytes (REL,CON)

      Value  Global                              Global Defined In Module
      -----  --------------------------------   ------------------------
ASxxxx Linker V03.00/V05.40 + sdld,  page 6.
Hexadecimal  [32-Bits]

Area                                    Addr        Size        Decimal Bytes (Attributes)
--------------------------------        ----        ----        ------- ----- ------------
INITIALIZER                         00008095    00000005 =           5. bytes (REL,CON)

      Value  Global                              Global Defined In Module
      -----  --------------------------------   ------------------------
ASxxxx Linker V03.00/V05.40 + sdld,  page 7.
Hexadecimal  [32-Bits]

Area                                    Addr        Size        Decimal Bytes (Attributes)
--------------------------------        ----        ----        ------- ----- ------------
CODE                                0000809A    0000059B =        1435. bytes (REL,CON)

      Value  Global                              Global Defined In Module
      -----  --------------------------------   ------------------------
     000080DC  _delay_us                          delay
     00008119  _delay_ms                          delay
     00008161  _init                              main
     000081A6  _main                              main
     0000822B  _milis                             milis
     0000824B  _init_milis                        milis
     0000826C  _TRAP_IRQHandler                   stm8s_it
     0000826D  _TLI_IRQHandler                    stm8s_it
     0000826E  _AWU_IRQHandler                    stm8s_it
     0000826F  _CLK_IRQHandler                    stm8s_it
     00008270  _EXTI_PORTA_IRQHandler             stm8s_it
     00008271  _EXTI_PORTB_IRQHandler             stm8s_it
     00008272  _EXTI_PORTC_IRQHandler             stm8s_it
     00008273  _EXTI_PORTD_IRQHandler             stm8s_it
     00008274  _EXTI_PORTE_IRQHandler             stm8s_it
     00008275  _CAN_RX_IRQHandler                 stm8s_it
     00008276  _CAN_TX_IRQHandler                 stm8s_it
     00008277  _SPI_IRQHandler                    stm8s_it
     00008278  _TIM1_UPD_OVF_TRG_BRK_IRQHandler   stm8s_it
     00008279  _TIM1_CAP_COM_IRQHandler           stm8s_it
     0000827A  _TIM2_UPD_OVF_BRK_IRQHandler       stm8s_it
     0000827B  _TIM2_CAP_COM_IRQHandler           stm8s_it
     0000827C  _TIM3_UPD_OVF_BRK_IRQHandler       stm8s_it
     000082ED  _TIM3_CAP_COM_IRQHandler           stm8s_it
     000082EE  _UART1_TX_IRQHandler               stm8s_it
     000082EF  _UART1_RX_IRQHandler               stm8s_it
     000082F0  _I2C_IRQHandler                    stm8s_it
     000082F1  _UART3_TX_IRQHandler               stm8s_it
     000082F2  _UART3_RX_IRQHandler               stm8s_it
     000082F3  _ADC2_IRQHandler                   stm8s_it
     000082F4  _TIM4_UPD_OVF_IRQHandler           stm8s_it
     0000830E  _EEPROM_EEC_IRQHandler             stm8s_it
     0000830F  _GPIO_Init                         stm8s_gpio_GPIO_Init
     00008399  _TIM3_ITConfig                     stm8s_tim3_TIM3_ITConfig
     000083BB  _TIM4_ITConfig                     stm8s_tim4_TIM4_ITConfig
     000083DD  _GPIO_WriteReverse                 stm8s_gpio_GPIO_WriteReverse
     000083E6  _GPIO_ReadInputPin                 stm8s_gpio_GPIO_ReadInputPin
     000083F3  __divulong                         _divulong
     0000844C  ___sdcc_external_startup           _startup
     0000844E  _TIM3_Cmd                          stm8s_tim3_TIM3_Cmd
     0000846A  _TIM4_Cmd                          stm8s_tim4_TIM4_Cmd
     00008486  _CLK_HSIPrescalerConfig            stm8s_clk_CLK_HSIPrescalerCo
     0000849B  _ITC_SetSoftwarePriority           stm8s_itc_ITC_SetSoftwarePri
     00008588  _GPIO_WriteHigh                    stm8s_gpio_GPIO_WriteHigh
     00008591  _TIM3_TimeBaseInit                 stm8s_tim3_TIM3_TimeBaseInit
     0000859D  _TIM4_TimeBaseInit                 stm8s_tim4_TIM4_TimeBaseInit
     000085A9  _TIM3_ClearFlag                    stm8s_tim3_TIM3_ClearFlag
     000085B4  __mullong                          
     00008630  _TIM4_ClearFlag                    stm8s_tim4_TIM4_ClearFlag

ASxxxx Linker V03.00/V05.40 + sdld,  page 8.
Hexadecimal  [32-Bits]

Area                                    Addr        Size        Decimal Bytes (Attributes)
--------------------------------        ----        ----        ------- ----- ------------
SSEG                                00008635    00000001 =           1. bytes (REL,CON)

      Value  Global                              Global Defined In Module
      -----  --------------------------------   ------------------------
ASxxxx Linker V03.00/V05.40 + sdld,  page 9.

Files Linked                              [ module(s) ]

build-STM8S208/delay.rel                  [ delay ]
build-STM8S208/main.rel                   [ main ]
build-STM8S208/milis.rel                  [ milis ]
build-STM8S208/stm8s_it.rel               [ stm8s_it ]


Libraries Linked                          [ object file ]

../SPLSPL/spl-STM8S208.ihx.lib            [ stm8s_gpio_GPIO_Init.rel ]
../SPLSPL/spl-STM8S208.ihx.lib            [ stm8s_tim3_TIM3_ITConfig.rel ]
../SPLSPL/spl-STM8S208.ihx.lib            [ stm8s_tim4_TIM4_ITConfig.rel ]
../SPLSPL/spl-STM8S208.ihx.lib            [ stm8s_gpio_GPIO_WriteReverse.rel ]
../SPLSPL/spl-STM8S208.ihx.lib            [ stm8s_gpio_GPIO_ReadInputPin.rel ]
/usr/local/stow/sdcc-4.4.0/bin/../share/sdcc/lib/stm8/stm8.lib
                                          [ _divulong.rel ]
/usr/local/stow/sdcc-4.4.0/bin/../share/sdcc/lib/stm8/stm8.lib
                                          [ _startup.rel ]
../SPLSPL/spl-STM8S208.ihx.lib            [ stm8s_tim3_TIM3_Cmd.rel ]
../SPLSPL/spl-STM8S208.ihx.lib            [ stm8s_tim4_TIM4_Cmd.rel ]
../SPLSPL/spl-STM8S208.ihx.lib            [ stm8s_clk_CLK_HSIPrescalerConfig ]
../SPLSPL/spl-STM8S208.ihx.lib            [ stm8s_itc_ITC_SetSoftwarePriorit ]
../SPLSPL/spl-STM8S208.ihx.lib            [ stm8s_gpio_GPIO_WriteHigh.rel ]
../SPLSPL/spl-STM8S208.ihx.lib            [ stm8s_tim3_TIM3_TimeBaseInit.rel ]
../SPLSPL/spl-STM8S208.ihx.lib            [ stm8s_tim4_TIM4_TimeBaseInit.rel ]
../SPLSPL/spl-STM8S208.ihx.lib            [ stm8s_tim3_TIM3_ClearFlag.rel ]
/usr/local/stow/sdcc-4.4.0/bin/../share/sdcc/lib/stm8/stm8.lib
                                          [ _mullong.rel ]
../SPLSPL/spl-STM8S208.ihx.lib            [ stm8s_tim4_TIM4_ClearFlag.rel ]

ASxxxx Linker V03.00/V05.40 + sdld,  page 10.

User Base Address Definitions

HOME = 0x8000
DATA = 0x0001

